# Change log

Simple list of changes, grouped by day.

## 2026-08-07

- Fixed view scripts (billing, tva, trimester, tasks calendar) closing immediately on error instead of showing what went wrong.
- Fixed a crash in terminal output caused by special characters on Windows.
- Bills now get backed up automatically before every billing run.
- Missing PDF library now shows a clear message instead of crashing.
- Installed missing Python libraries needed for billing and PDF export.
- Fixed a missing setting that was blocking bill generation.
- Moved editable settings (billing range, PDF on/off, etc.) into a separate, easy-to-edit settings file.
- Added Belgium to the list of supported client countries.

## 2026-09-13

- Started building a desktop app window around the tool, so it can be used by clicking buttons instead of running scripts by hand.
- All the report pages (billing, TVA, calendar, etc.) now share the same navigation bar and footer, so you can click between them.
- Added a new home page that lists and links to all the other report pages.
- The app window now actually opens: launching it refreshes the home page and shows it in its own window, no browser tab or command line needed.
- Added an "auto refresh" switch in the top bar: on, each page redoes its calculations before showing; off, it shows what was last computed and only recalculates if nothing was computed yet.
- If a page fails to update, it now shows a red warning banner instead of failing silently.
- Every table column header on every report page can now be clicked to sort the rows by that column, ascending or descending.
- Each table now opens already sorted by its most sensible column, and remembers the last column you sorted by so it opens that way again next time.
- Clicking a tab in the app now prints which page is being regenerated in the terminal, and confirms it succeeded (or shows the error) once done.
- Started work on pulling work days straight from Google Calendar: a new tool reads the calendar and shows a preview table of what it found for a given month (day, project, half/full day), without changing anything yet — writing that data into the calendar files comes next.
- Added a zip button to the top bar to back up the database on demand, without having to run a script by hand.
- The TVA page's monthly table now always shows every month up to the current one, even months with nothing to declare, instead of stopping at the last month that had a payment.
- Fixed the "par trimestre" table headers on the Trimestres page: they now line up with the numbers below them instead of sitting to the left.
- Added a "payée le" column to the invoices table on the Facturation page, showing the date each invoice was actually paid, based on the received transfers.
- The Calendrier page now shows a preview of the current month's Google Calendar events under the day grid, with a guess at which project each one matches, so you can review what would be imported before anything is actually added to the tracked days.
- The invoices table on the Facturation page is now split into two: one for unpaid invoices, one for paid ones, instead of one mixed list.
- The Google Calendar preview on the Calendrier page no longer loads automatically when you open the tab (it could be slow) — it now only fetches when you click the new "Charger l'aperçu" button.
- Calendar events whose title starts with "TVA" are now skipped entirely in the calendar import preview, since those are personal declaration reminders, not work days.
- Calendar events whose title starts with a parenthesis, like "(rdv dentiste)", are now also skipped in the calendar import preview.
- Ignored calendar events (TVA reminders, parenthesis notes) now still show up in the calendar import preview, just grayed out, instead of disappearing from the list.
- The calendar import button now follows whichever month you're currently viewing on the Calendrier page, instead of always fetching the real current month.
- Every month of the current year can now be selected on the Calendrier page, even ones with nothing tracked yet, so the calendar import can be used to fill in a month that has no data at all. A month with nothing declared shows "Aucune tâche déclarée" instead of an empty calendar grid.
- The calendar import now understands named words for a day fraction, not just numbers — "preshot" in a calendar title now always means a full day, matched with confidence instead of a rough guess.
- Merged the date and day-of-week columns into one in the calendar import preview table.
- Off/chômé days are now shown grayed out in the calendar import preview too, so the days actually tied to a project stand out more.
- Added actual import buttons to the calendar import preview: one per row, and one to import everything at once. A day that's genuinely new gets added; a day already recorded the same way is left alone; a day recorded differently turns orange and asks for confirmation before replacing it, and is never touched by the "import everything" button (only handled one by one, on purpose).
- Days added by the calendar import now land in the right chronological spot in the file, instead of always being tacked on at the end.
- Clients and projects can now be given their own color, which is used wherever that client or project already shows up in color (the billing pie chart, the calendar view) instead of an automatically picked one. There's no color picker yet — the color has to be typed in by hand for now.
- After importing something from the calendar, the Calendrier page now redoes its calculations and reloads itself automatically, so the day you just added shows up right away instead of needing a manual refresh.
- Fixed a bug where giving one specific invoice a custom title ("objet") was overwriting that project's name everywhere else too (calendar, other invoices, other months) instead of just on that one invoice.
- The Calendrier page now remembers which month you were looking at and reopens on it, instead of jumping back to the current month every time it reloads (in particular right after importing something from the calendar).
- The calendar import preview now shows how many differences still need attention right above the table, updating live as you resolve them one by one.
- Grayed-out days (ignored reminders, off/chômé) are now hidden by default in the calendar import preview, with a checkbox to show them again.
- Removed the separate "chômé" concept, which duplicated "off" for the same purpose (an unpaid, untracked day). Only "off" is used now, everywhere.
- Added a new "Éditer factures" page where you can change the start/end period of an existing invoice, or add a new invoice to a project, directly from the app.
- Added a "PDF" button at the end of each invoice row on the "Éditer factures" page, so you can generate (or regenerate) that invoice's PDF and have it open right away, without running a full billing export.
- The Virements page now lets you record a newly received transfer, and link an existing transfer to an invoice (or change/remove that link), directly from the app instead of editing the file by hand.
- "Ajouter une facture" is now a round + button fixed in the bottom-right corner of the Éditer factures page, which opens a small popup to fill in the project and dates, instead of a form sitting under each project's table.
- Added a "Supprimer" button to each invoice on the Éditer factures page. It's grayed out and disabled for any invoice that already has a received transfer linked to it, so a paid invoice can't be deleted by mistake.
- Fixed the "Ajouter une facture" popup on the Éditer factures page showing up open by default instead of staying hidden until the + button is clicked.
- The "Ajouter une facture" popup no longer asks which project to add to — it now always adds to whichever project tab you currently have open, shown as a label instead of a dropdown.
- Added a new "Clients" page where you can pick one client at a time (same as picking a project on the other pages) and edit its details (name, address, invoicing name, country, VAT number, color), or add a brand new client, directly from the app.
- The client color field now has an actual color picker next to it, instead of only typing a hex code by hand.
- The client address is now edited as two separate fields (street, city), instead of one field where you had to type the line-break character by hand.
- The client country field now suggests countries by name as you type, instead of expecting you to already know the 2-letter code by heart.
- Leaving a client's color field empty when adding or saving it now automatically picks a color no other client is already using, instead of leaving it uncolored.
- Added a little app logo (an invoice with a euro coin and a gear) next to the app name, shown at the top of the navigation menu above the Accueil button.
- Removed the separate "Accueil" button from the navigation menu — clicking the logo and app name at the top now goes to the home page instead.

## 2026-10-02
- Added a new "Sauvegarde" page to the app for exporting and importing the whole database as a zip. Export saves the zip wherever you choose. Import replaces the whole database with a zip's content, after first saving a copy of the current database so you can undo it. The page also lists the backups already saved on this computer, each with a button to restore it.
- The Sauvegarde page can now also look for backups in other folders of your choice (a cloud folder, a USB key…), on top of the local backup folder, which is always kept. Folders can be added or removed from the list (removing one never deletes its files), and every backup found in any of them shows up in the same list, ready to restore.

## 2026-10-03
- The date of the most recent backup (looking in every backup folder listed on the Sauvegarde page) is now shown at the top of the Sauvegarde page and in the home page footer, with how many days ago it was made. Clicking it on the home page opens the Sauvegarde page.
- Removed the zip button from the side menu: backups are now made from the Sauvegarde page.
- Every new backup or export now gets its own short identifier and its creation date and time, written inside the zip file itself, so both stay the same even if the file is renamed or copied to another folder. The same identifier appearing in two folders means it's the same backup. They're shown side by side in the Sauvegarde list, and in the confirmation and result messages. Older backups made before this show "—" instead, with their date guessed from the file name.
- The app now keeps track of which backup the data you're looking at comes from: the last one saved, exported or imported. The Sauvegarde page now says whether anything was changed since then and still needs saving, lists the changed files (modified, added, removed), and has a "Sauvegarder maintenant" button right there.
- Every page now shows that last saved, exported or imported backup (date, how it was made, identifier) at the bottom, not just the home page. Clicking it opens the Sauvegarde page.
- Added a file to record the TVA declarations actually made (period, date declared, amounts declared, optional note), one file per year. The TVA page now shows them in a new "Déclarations faites" table, comparing what was declared with what the app calculates and highlighting any difference. Each month in the monthly table now says whether it was declared, still needs declaring, or is the current month, and two new totals show the TVA declared so far and what's left to declare.
- The TVA declarations file now uses the simple format already in use: one line per month with the amount declared before tax (for example "2026-1=3880"). The TVA page's monthly table shows that declared amount next to what was received, marks each month as declared, different, still to declare (including months with nothing received, which still need a zero declaration) or the current month, and the separate declarations table was removed since the monthly table now covers it.
- Added a "Déclarer sur impots.gouv" button at the top of the TVA page that opens the tax website's professional login page (where the TVA declaration is filed) in your usual web browser.
- Added a file to record the declarations made to URSSAF each quarter (one line per quarter with the amount declared before tax, for example "2026-1=…" for January to March). The Trimestres page now shows the declared amount next to what was received for each quarter, marks each one as declared, different, still to declare or in progress, adds totals for the amount declared and the charges still to declare, and has a "Déclarer sur l'URSSAF" button that opens the URSSAF auto-entrepreneur website in your web browser.
- Added a button on the calendar page that opens the task file of the month currently shown, so it can be edited directly (the file is created if that month doesn't have one yet).
- The calendar import preview now also lists the days already recorded in the task file that don't appear in the Google calendar, highlighted in blue, and counts them with the other differences to check.
- Added a button on the TVA page that opens this year's TVA declarations file so it can be edited directly (the file is created if it doesn't exist yet).
- Added the same button on the Trimestres page, to open this year's URSSAF declarations file (created if it doesn't exist yet).
- Each year on the billing page now shows the theoretical number of working days in that year (every day that isn't a weekend, without removing holidays or vacations).
- Saving from the Sauvegarde page now also copies the new backup into every other backup folder in the list (cloud folder, USB key…), not just the local one. The message after saving says how many folders received it, and names any folder it couldn't reach (for example a USB key that isn't plugged in).
- The Sauvegarde page's folder list is now split into one group per kind of export: database backups (zip) and invoice PDFs. Each group always keeps its usual local folder, and you can add other folders to each group separately (cloud folder, USB key…). Every invoice PDF generated, from the PDF button or a full billing run, is now also copied into the folders of the PDF group. The PDF button says how many folders received it and names any it couldn't reach.

## 2026-10-05
- Added a "Dossier des PDF" button at the top of the Éditer factures page that opens the folder where invoice PDFs are generated.
- On the Virements page, the "Associer" button next to each transfer is now hidden until you change the invoice in its field, and hides again if you put back the invoice already saved.

## 2026-10-09
- Fixed a setting that silently kept some new program files out of the project history, which is why the TVA and Trimestres pages are missing two of their files on this computer.
- Fixed the error message shown when a data file is empty, which crashed instead of being displayed.
- Updated the list of scripts and pages so it matches what the app actually contains.
- Text on every page of the app can now be selected and copied (amounts, invoice numbers, bank details…).
- The bank transfer files now use tabs instead of double spaces between columns, the same separator the app writes when adding a transfer or linking it to an invoice.
